// Jest Snapshot v1, https://goo.gl/fbAQLP

exports[`Button renders correctly 1`] = `
<button
  className="btn btn--secondary btn--medium"
  onClick={[Function]}
  type="button"
>
  test
</button>
`;
